apiVersion: pkg.crossplane.io/v1beta1
kind: Function
metadata:
  annotations:
    argocd.argoproj.io/sync-options: SkipDryRunOnMissingResource=true
    argocd.argoproj.io/sync-wave: '-40'
  name: function-appcat-master-a119e9be04299ebe385a0e62ec87b92ad8640605
spec:
  package: ghcr.io/zugao/appcat:a119e9be04299ebe385a0e62ec87b92ad8640605-func
  packagePullPolicy: IfNotPresent
  runtimeConfigRef:
    name: function-appcat
  skipDependencyResolution: true
---
apiVersion: pkg.crossplane.io/v1beta1
kind: Function
metadata:
  annotations:
    argocd.argoproj.io/sync-options: SkipDryRunOnMissingResource=true
    argocd.argoproj.io/sync-wave: '-40'
  name: function-appcat-v3-50-0-v4-163-0
spec:
  package: ghcr.io/zugao/appcat:v4.163.0-func
  packagePullPolicy: IfNotPresent
  runtimeConfigRef:
    name: function-appcat
  skipDependencyResolution: true
---
apiVersion: pkg.crossplane.io/v1beta1
kind: Function
metadata:
  annotations:
    argocd.argoproj.io/sync-options: SkipDryRunOnMissingResource=true
    argocd.argoproj.io/sync-wave: '-40'
  name: function-appcat-v3-50-1-v4-163-1
spec:
  package: ghcr.io/zugao/appcat:v4.163.1-func
  packagePullPolicy: IfNotPresent
  runtimeConfigRef:
    name: function-appcat
  skipDependencyResolution: true
---
apiVersion: pkg.crossplane.io/v1beta1
kind: Function
metadata:
  annotations:
    argocd.argoproj.io/sync-options: SkipDryRunOnMissingResource=true
    argocd.argoproj.io/sync-wave: '-40'
  name: function-appcat-v3-50-2-v4-163-2
spec:
  package: ghcr.io/zugao/appcat:v4.163.2-func
  packagePullPolicy: IfNotPresent
  runtimeConfigRef:
    name: function-appcat
  skipDependencyResolution: true
---
apiVersion: pkg.crossplane.io/v1beta1
kind: Function
metadata:
  annotations:
    argocd.argoproj.io/sync-options: SkipDryRunOnMissingResource=true
    argocd.argoproj.io/sync-wave: '-40'
  name: function-appcat-v3-50-3-v4-163-3
spec:
  package: ghcr.io/zugao/appcat:v4.163.3-func
  packagePullPolicy: IfNotPresent
  runtimeConfigRef:
    name: function-appcat
  skipDependencyResolution: true
---
apiVersion: pkg.crossplane.io/v1beta1
kind: Function
metadata:
  annotations:
    argocd.argoproj.io/sync-options: SkipDryRunOnMissingResource=true
    argocd.argoproj.io/sync-wave: '-40'
  name: function-appcat-v3-50-4-v4-163-3
spec:
  package: ghcr.io/zugao/appcat:v4.163.3-func
  packagePullPolicy: IfNotPresent
  runtimeConfigRef:
    name: function-appcat
  skipDependencyResolution: true
