apiVersion: apiextensions.crossplane.io/v1
kind: Composition
metadata:
  annotations:
    argocd.argoproj.io/sync-options: SkipDryRunOnMissingResource=true
    argocd.argoproj.io/sync-wave: '-60'
    metadata.appcat.vshn.io/description: Minio instances by VSHN
    metadata.appcat.vshn.io/displayname: Minio by VSHN
    metadata.appcat.vshn.io/end-user-docs-url: https://vs.hn/vshn-minio
    metadata.appcat.vshn.io/flavor: distributed
    metadata.appcat.vshn.io/plans: '{"standard-1":{"size":{"cpu":"1","disk":"50Gi","enabled":true,"memory":"1Gi"}}}'
    metadata.appcat.vshn.io/product-description: https://products.docs.vshn.ch/products/appcat/minio.html
    metadata.appcat.vshn.io/zone: rma1
  labels:
    metadata.appcat.vshn.io/offered: 'false'
    metadata.appcat.vshn.io/revision: master-redis_ha
    metadata.appcat.vshn.io/serviceID: vshn-minio
    name: vshnminio.vshn.appcat.vshn.io
  name: vshnminio.vshn.appcat.vshn.io
spec:
  compositeTypeRef:
    apiVersion: vshn.appcat.vshn.io/v1
    kind: XVSHNMinio
  mode: Pipeline
  pipeline:
    - functionRef:
        name: function-appcat-master-redis-ha
      input:
        apiVersion: v1
        data:
          bucketRegion: lpg
          chartRepository: https://charts.min.io
          chartVersion: 5.4.0
          controlNamespace: syn-appcat-control
          crossplaneNamespace: syn-crossplane
          defaultPlan: standard-1
          emailAlertingEnabled: 'true'
          emailAlertingSecretName: mailgun-smtp-credentials
          emailAlertingSecretNamespace: syn-appcat
          emailAlertingSmtpFromAddress: appcat@appuio.cloud
          emailAlertingSmtpHost: smtp.eu.mailgun.org:465
          emailAlertingSmtpUsername: appcat@appuio.cloud
          ignoreNamespaceForBilling: vshn-test
          imageRegistry: ''
          imageTag: redis_ha
          isOpenshift: 'true'
          maintenanceSA: helm-based-service-maintenance
          minioChartRepository: https://charts.min.io
          minioChartVersion: 5.4.0
          mode: distributed
          ocpDefaultAppsDomain: ''
          ownerGroup: vshn.appcat.vshn.io
          ownerKind: XVSHNMinio
          ownerVersion: v1
          plans: '{"standard-1": {"size": {"cpu": "1", "disk": "50Gi", "enabled":
            true, "memory": "1Gi"}}}'
          providerEnabled: 'true'
          quotasEnabled: 'false'
          releaseManagementEnabled: 'true'
          salesOrder: ST10120
          serviceID: vshn-minio
          serviceName: minio
          sliNamespace: syn-appcat-slos
        kind: ConfigMap
        metadata:
          labels:
            name: xfn-config
          name: xfn-config
      step: minio-func
  writeConnectionSecretsToNamespace: syn-crossplane
