apiVersion: apiextensions.crossplane.io/v1
kind: Composition
metadata:
  annotations:
    argocd.argoproj.io/sync-options: SkipDryRunOnMissingResource=true
    argocd.argoproj.io/sync-wave: '-60'
    metadata.appcat.vshn.io/description: Redis instances by VSHN
    metadata.appcat.vshn.io/displayname: Redis by VSHN
    metadata.appcat.vshn.io/end-user-docs-url: https://vs.hn/vshn-redis
    metadata.appcat.vshn.io/flavor: standalone
    metadata.appcat.vshn.io/plans: '{"plus-1":{"note":"Will be scheduled on APPUiO
      Cloud plus nodes","scheduling":{"nodeSelector":{"appuio.io/node-class":"plus"}},"size":{"cpu":"250m","disk":"16Gi","enabled":true,"memory":"1Gi"}},"plus-2":{"note":"Will
      be scheduled on APPUiO Cloud plus nodes","scheduling":{"nodeSelector":{"appuio.io/node-class":"plus"}},"size":{"cpu":"500m","disk":"16Gi","enabled":true,"memory":"2Gi"}},"plus-4":{"note":"Will
      be scheduled on APPUiO Cloud plus nodes","scheduling":{"nodeSelector":{"appuio.io/node-class":"plus"}},"size":{"cpu":"1","disk":"16Gi","enabled":true,"memory":"4Gi"}},"plus-512m":{"note":"Will
      be scheduled on APPUiO Cloud plus nodes","scheduling":{"nodeSelector":{"appuio.io/node-class":"plus"}},"size":{"cpu":"125m","disk":"16Gi","enabled":true,"memory":"512Mi"}},"standard-1":{"size":{"cpu":"250m","disk":"16Gi","enabled":true,"memory":"1Gi"}},"standard-2":{"size":{"cpu":"500m","disk":"16Gi","enabled":true,"memory":"2Gi"}},"standard-4":{"size":{"cpu":"1","disk":"16Gi","enabled":true,"memory":"4Gi"}},"standard-512m":{"size":{"cpu":"125m","disk":"16Gi","enabled":true,"memory":"512Mi"}}}'
    metadata.appcat.vshn.io/product-description: https://products.docs.vshn.ch/products/appcat/redis.html
    metadata.appcat.vshn.io/zone: rma1
  labels:
    metadata.appcat.vshn.io/offered: 'true'
    metadata.appcat.vshn.io/revision: master-hotfix-1
    metadata.appcat.vshn.io/serviceID: vshn-redis
    name: vshnredis.vshn.appcat.vshn.io
  name: vshnredis.vshn.appcat.vshn.io
spec:
  compositeTypeRef:
    apiVersion: vshn.appcat.vshn.io/v1
    kind: XVSHNRedis
  mode: Pipeline
  pipeline:
    - functionRef:
        name: function-appcat-master-hotfix-1
      input:
        apiVersion: v1
        data:
          bucketRegion: lpg
          chartRepository: oci://registry-1.docker.io/bitnamicharts/redis
          chartVersion: 21.2.5
          controlNamespace: syn-appcat-control
          crossplaneNamespace: syn-crossplane
          defaultPlan: standard-1
          emailAlertingEnabled: 'true'
          emailAlertingSecretName: mailgun-smtp-credentials
          emailAlertingSecretNamespace: syn-appcat
          emailAlertingSmtpFromAddress: appcat@appuio.cloud
          emailAlertingSmtpHost: smtp.eu.mailgun.org:465
          emailAlertingSmtpUsername: appcat@appuio.cloud
          ignoreNamespaceForBilling: vshn-test
          imageRegistry: dockerhub.vshn.net
          imageTag: hotfix-1
          isOpenshift: 'true'
          maintenanceSA: helm-based-service-maintenance
          mode: standalone
          ocpDefaultAppsDomain: ''
          ownerGroup: vshn.appcat.vshn.io
          ownerKind: XVSHNRedis
          ownerVersion: v1
          plans: '{"plus-1": {"note": "Will be scheduled on APPUiO Cloud plus nodes",
            "scheduling": {"nodeSelector": {"appuio.io/node-class": "plus"}}, "size":
            {"cpu": "250m", "disk": "16Gi", "enabled": true, "memory": "1Gi"}}, "plus-2":
            {"note": "Will be scheduled on APPUiO Cloud plus nodes", "scheduling":
            {"nodeSelector": {"appuio.io/node-class": "plus"}}, "size": {"cpu": "500m",
            "disk": "16Gi", "enabled": true, "memory": "2Gi"}}, "plus-4": {"note":
            "Will be scheduled on APPUiO Cloud plus nodes", "scheduling": {"nodeSelector":
            {"appuio.io/node-class": "plus"}}, "size": {"cpu": "1", "disk": "16Gi",
            "enabled": true, "memory": "4Gi"}}, "plus-512m": {"note": "Will be scheduled
            on APPUiO Cloud plus nodes", "scheduling": {"nodeSelector": {"appuio.io/node-class":
            "plus"}}, "size": {"cpu": "125m", "disk": "16Gi", "enabled": true, "memory":
            "512Mi"}}, "standard-1": {"size": {"cpu": "250m", "disk": "16Gi", "enabled":
            true, "memory": "1Gi"}}, "standard-2": {"size": {"cpu": "500m", "disk":
            "16Gi", "enabled": true, "memory": "2Gi"}}, "standard-4": {"size": {"cpu":
            "1", "disk": "16Gi", "enabled": true, "memory": "4Gi"}}, "standard-512m":
            {"size": {"cpu": "125m", "disk": "16Gi", "enabled": true, "memory": "512Mi"}}}'
          quotasEnabled: 'false'
          releaseManagementEnabled: 'true'
          restoreSA: redisrestoreserviceaccount
          salesOrder: ''
          serviceID: vshn-redis
          serviceName: redis
          sliNamespace: syn-appcat-slos
        kind: ConfigMap
        metadata:
          labels:
            name: xfn-config
          name: xfn-config
      step: redis-func
  writeConnectionSecretsToNamespace: syn-crossplane
