apiVersion: apiextensions.crossplane.io/v1
kind: Composition
metadata:
  annotations:
    argocd.argoproj.io/sync-options: SkipDryRunOnMissingResource=true
    argocd.argoproj.io/sync-wave: '-60'
    metadata.appcat.vshn.io/description: S3 compatible object storage hosted by cloudscale.ch
    metadata.appcat.vshn.io/displayname: cloudscale.ch Object Storage
    metadata.appcat.vshn.io/end-user-docs-url: https://vs.hn/objstor
    metadata.appcat.vshn.io/product-description: https://products.docs.vshn.ch/products/appcat/objectstorage.html
    metadata.appcat.vshn.io/zone: lpg, rma
  labels:
    metadata.appcat.vshn.io/offered: 'true'
    metadata.appcat.vshn.io/serviceID: cloudscale-objectbucket
    name: cloudscale.objectbuckets.appcat.vshn.io
  name: cloudscale.objectbuckets.appcat.vshn.io
spec:
  compositeTypeRef:
    apiVersion: appcat.vshn.io/v1
    kind: XObjectBucket
  mode: Pipeline
  pipeline:
    - functionRef:
        name: function-appcat-master-83f291adccc8c8be8d193c6efeb63bab5fd9cb59
      input:
        apiVersion: v1
        data:
          crossplaneNamespace: syn-crossplane
          providerConfig: cloudscale
          providerSecretNamespace: syn-provider-cloudscale-secrets
          serviceID: cloudscale-objectbucket
          serviceName: cloudscalebucket
        kind: ConfigMap
        metadata:
          labels:
            name: xfn-config
          name: xfn-config
      step: cloudscalebucket-func
  writeConnectionSecretsToNamespace: syn-crossplane
