apiVersion: apiextensions.crossplane.io/v1
kind: Composition
metadata:
  annotations:
    argocd.argoproj.io/sync-options: SkipDryRunOnMissingResource=true
    argocd.argoproj.io/sync-wave: '-60'
    metadata.appcat.vshn.io/description: S3 compatible object storage hosted by Exoscale
    metadata.appcat.vshn.io/displayname: Exoscale Object Storage
    metadata.appcat.vshn.io/end-user-docs-url: https://vs.hn/objstor
    metadata.appcat.vshn.io/product-description: https://products.docs.vshn.ch/products/appcat/objectstorage.html
    metadata.appcat.vshn.io/zone: ch-gva-2, ch-dk-2, de-fra-1, de-muc-1, at-vie-1,
      at-vie-2, bg-sof-1
  labels:
    metadata.appcat.vshn.io/offered: 'true'
    metadata.appcat.vshn.io/serviceID: exoscale-objectbucket
    name: exoscale.objectbuckets.appcat.vshn.io
  name: exoscale.objectbuckets.appcat.vshn.io
spec:
  compositeTypeRef:
    apiVersion: appcat.vshn.io/v1
    kind: XObjectBucket
  mode: Pipeline
  pipeline:
    - functionRef:
        name: function-appcat-master-a9f569850619664dd4ae5ee541f8d0706fcfcf29
      input:
        apiVersion: v1
        data:
          crossplaneNamespace: syn-crossplane
          providerConfig: exoscale
          providerSecretNamespace: syn-provider-exoscale-secrets
          serviceID: exoscale-objectbucket
          serviceName: exoscalebucket
        kind: ConfigMap
        metadata:
          labels:
            name: xfn-config
          name: xfn-config
      step: exoscalebucket-func
  writeConnectionSecretsToNamespace: syn-crossplane
