apiVersion: apiextensions.crossplane.io/v1
kind: Composition
metadata:
  annotations:
    argocd.argoproj.io/sync-options: SkipDryRunOnMissingResource=true
    argocd.argoproj.io/sync-wave: '-60'
    metadata.appcat.vshn.io/description: codey instances by VSHN
    metadata.appcat.vshn.io/displayname: codey by VSHN
    metadata.appcat.vshn.io/end-user-docs-url: https://vs.hn/vshn-codey
    metadata.appcat.vshn.io/flavor: standalone
    metadata.appcat.vshn.io/plans: '{"mini":{"size":{"cpu":"500m","disk":"10Gi","enabled":true,"memory":"2Gi"}},"small":{"size":{"cpu":"1","disk":"50Gi","enabled":true,"memory":"4Gi"}}}'
    metadata.appcat.vshn.io/product-description: https://products.docs.vshn.ch/products/appcat/codey.html
    metadata.appcat.vshn.io/zone: lpg
  labels:
    metadata.appcat.vshn.io/offered: 'true'
    metadata.appcat.vshn.io/revision: debug-a9f569850619664dd4ae5ee541f8d0706fcfcf29
    metadata.appcat.vshn.io/serviceID: vshn-codey
    name: codey.io
  name: codey.io
spec:
  compositeTypeRef:
    apiVersion: codey.io/v1
    kind: XCodeyInstance
  mode: Pipeline
  pipeline:
    - functionRef:
        name: function-patch-and-transform
      input:
        apiVersion: pt.fn.crossplane.io/v1beta1
        kind: Resources
        resources:
          - base:
              apiVersion: vshn.appcat.vshn.io/v1
              kind: XVSHNForgejo
              metadata:
                name: vshnforgejo
              spec:
                parameters:
                  security:
                    deletionProtection: false
                  service:
                    forgejoSettings:
                      config:
                        mailer:
                          ENABLED: 'true'
                          FROM: noreply@app.codey.ch
                          PASSWD: __shared__/__shared__/appcat/codey_stmp_password
                          PROTOCOL: smtp+starttls
                          SMTP_ADDR: smtp.eu.mailgun.org
                          SMTP_PORT: '587'
                          USER: __shared__/__shared__/appcat/codey_smtp_username
                    fqdn:
                      - myforgejo.127.0.0.1.nip.io
                    majorVersion: 11.0.0
                  size:
                    plan: mini
            connectionDetails:
              - fromConnectionSecretKey: FORGEJO_PASSWORD
                name: CODEY_PASSWORD
                type: FromConnectionSecretKey
              - fromConnectionSecretKey: FORGEJO_URL
                name: CODEY_URL
                type: FromConnectionSecretKey
              - fromConnectionSecretKey: FORGEJO_USERNAME
                name: CODEY_USERNAME
                type: FromConnectionSecretKey
            name: vshnforgejo
            patches:
              - fromFieldPath: metadata.labels["crossplane.io/composite"]
                toFieldPath: metadata.name
                type: FromCompositeFieldPath
              - fromFieldPath: spec.parameters.service.adminEmail
                toFieldPath: spec.parameters.service.adminEmail
                type: FromCompositeFieldPath
              - fromFieldPath: spec.parameters.service.majorVersion
                toFieldPath: spec.parameters.service.majorVersion
                type: FromCompositeFieldPath
              - fromFieldPath: spec.parameters.service.disableRegistration
                toFieldPath: spec.parameters.service.forgejoSettings.config.service."DISABLE_REGISTRATION"
                transforms:
                  - convert:
                      toType: string
                    type: convert
                type: FromCompositeFieldPath
              - fromFieldPath: metadata.labels["crossplane.io/claim-name"]
                toFieldPath: spec.parameters.service.fqdn[0]
                transforms:
                  - string:
                      fmt: '%s.app.codey.ch'
                      type: Format
                    type: string
                type: FromCompositeFieldPath
              - fromFieldPath: spec.parameters.size.plan
                toFieldPath: spec.parameters.size.cpu
                transforms:
                  - map:
                      mini: 500m
                      small: '1'
                    type: map
                type: FromCompositeFieldPath
              - fromFieldPath: spec.parameters.size.plan
                toFieldPath: spec.parameters.size.requests.cpu
                transforms:
                  - map:
                      mini: 500m
                      small: '1'
                    type: map
                type: FromCompositeFieldPath
              - fromFieldPath: spec.parameters.size.plan
                toFieldPath: spec.parameters.size.memory
                transforms:
                  - map:
                      mini: 2Gi
                      small: 4Gi
                    type: map
                type: FromCompositeFieldPath
              - fromFieldPath: spec.parameters.size.plan
                toFieldPath: spec.parameters.size.requests.memory
                transforms:
                  - map:
                      mini: 2Gi
                      small: 4Gi
                    type: map
                type: FromCompositeFieldPath
              - fromFieldPath: spec.parameters.size.plan
                toFieldPath: spec.parameters.size.disk
                transforms:
                  - map:
                      mini: 10Gi
                      small: 50Gi
                    type: map
                type: FromCompositeFieldPath
      step: patch-and-transform
  writeConnectionSecretsToNamespace: syn-crossplane
