apiVersion: apiextensions.crossplane.io/v1
kind: Composition
metadata:
  annotations:
    argocd.argoproj.io/sync-options: SkipDryRunOnMissingResource=true
    argocd.argoproj.io/sync-wave: '-60'
    metadata.appcat.vshn.io/description: Keycloak instances by VSHN
    metadata.appcat.vshn.io/displayname: Keycloak by VSHN
    metadata.appcat.vshn.io/end-user-docs-url: https://vs.hn/vshn-keycloak
    metadata.appcat.vshn.io/flavor: standalone
    metadata.appcat.vshn.io/plans: '{"standard-2":{"size":{"cpu":"500m","disk":"16Gi","enabled":true,"memory":"2Gi"}},"standard-4":{"size":{"cpu":"1","disk":"16Gi","enabled":true,"memory":"4Gi"}},"standard-8":{"size":{"cpu":"2","disk":"16Gi","enabled":true,"memory":"8Gi"}}}'
    metadata.appcat.vshn.io/product-description: https://products.docs.vshn.ch/products/appcat/keycloak.html
    metadata.appcat.vshn.io/zone: lpg
  labels:
    metadata.appcat.vshn.io/offered: 'true'
    metadata.appcat.vshn.io/revision: debug-79238d3e9d58bbda5744649ad13977f221c1d4b1
    metadata.appcat.vshn.io/serviceID: vshn-keycloak
    name: vshnkeycloak.vshn.appcat.vshn.io
  name: vshnkeycloak.vshn.appcat.vshn.io
spec:
  compositeTypeRef:
    apiVersion: vshn.appcat.vshn.io/v1
    kind: XVSHNKeycloak
  mode: Pipeline
  pipeline:
    - functionRef:
        name: function-appcat-debug-79238d3e9d58bbda5744649ad13977f221c1d4b1
      input:
        apiVersion: v1
        data:
          bucketRegion: rma
          busybox_image: dockerhub.vshn.net/library/busybox
          chartRepository: https://codecentric.github.io/helm-charts
          chartVersion: 7.0.1
          controlNamespace: syn-appcat-control
          crossplaneNamespace: syn-crossplane
          defaultPlan: standard-2
          emailAlertingEnabled: 'true'
          emailAlertingSecretName: mailgun-smtp-credentials
          emailAlertingSecretNamespace: syn-appcat
          emailAlertingSmtpFromAddress: appcat@appuio.cloud
          emailAlertingSmtpHost: smtp.eu.mailgun.org:465
          emailAlertingSmtpUsername: appcat@appuio.cloud
          ignoreNamespaceForBilling: vshn-test
          imageRegistry: docker-registry.inventage.com:10121/keycloak-competence-center/keycloak-managed
          imageTag: 79238d3e9d58bbda5744649ad13977f221c1d4b1
          ingress_annotations: |
            nginx.ingress.kubernetes.io/backend-protocol: HTTPS
            cert-manager.io/cluster-issuer: letsencrypt-staging
          isOpenshift: 'false'
          maintenanceSA: helm-based-service-maintenance
          mode: standalone
          ocpDefaultAppsDomain: apps.lab-cloudscale-rma-0.appuio.cloud
          ownerGroup: vshn.appcat.vshn.io
          ownerKind: XVSHNKeycloak
          ownerVersion: v1
          plans: '{"standard-2": {"size": {"cpu": "500m", "disk": "16Gi", "enabled":
            true, "memory": "2Gi"}}, "standard-4": {"size": {"cpu": "1", "disk": "16Gi",
            "enabled": true, "memory": "4Gi"}}, "standard-8": {"size": {"cpu": "2",
            "disk": "16Gi", "enabled": true, "memory": "8Gi"}}}'
          proxyEndpoint: 172.19.0.1:9443
          quotasEnabled: 'false'
          registry_password: ''
          registry_username: ''
          releaseManagementEnabled: 'false'
          restoreSA: keycloakserviceaccount
          salesOrder: ''
          serviceID: vshn-keycloak
          serviceName: keycloak
          sliNamespace: syn-appcat-slos
        kind: ConfigMap
        metadata:
          labels:
            name: xfn-config
          name: xfn-config
      step: keycloak-func
  writeConnectionSecretsToNamespace: syn-crossplane
