apiVersion: apiextensions.crossplane.io/v1
kind: Composition
metadata:
  annotations:
    argocd.argoproj.io/sync-options: SkipDryRunOnMissingResource=true
    argocd.argoproj.io/sync-wave: '-60'
    metadata.appcat.vshn.io/description: Mariadb instances by VSHN
    metadata.appcat.vshn.io/displayname: Mariadb by VSHN
    metadata.appcat.vshn.io/end-user-docs-url: https://vs.hn/vshn-mariadb
    metadata.appcat.vshn.io/flavor: standalone
    metadata.appcat.vshn.io/plans: '{"standard-1":{"size":{"cpu":"250m","disk":"16Gi","enabled":true,"memory":"1Gi"}},"standard-2":{"size":{"cpu":"500m","disk":"16Gi","enabled":true,"memory":"2Gi"}},"standard-4":{"size":{"cpu":"1","disk":"16Gi","enabled":true,"memory":"4Gi"}},"standard-512m":{"size":{"cpu":"125m","disk":"16Gi","enabled":true,"memory":"512Mi"}},"standard-8":{"size":{"cpu":"2","disk":"16Gi","enabled":true,"memory":"8Gi"}}}'
    metadata.appcat.vshn.io/product-description: https://products.docs.vshn.ch/products/appcat/mariadb.html
    metadata.appcat.vshn.io/zone: lpg
  labels:
    metadata.appcat.vshn.io/offered: 'true'
    metadata.appcat.vshn.io/revision: debug-hotfix_deletion_protection
    metadata.appcat.vshn.io/serviceID: vshn-mariadb
    name: vshnmariadb.vshn.appcat.vshn.io
  name: vshnmariadb.vshn.appcat.vshn.io
spec:
  compositeTypeRef:
    apiVersion: vshn.appcat.vshn.io/v1
    kind: XVSHNMariaDB
  mode: Pipeline
  pipeline:
    - functionRef:
        name: function-appcat-debug-hotfix-deletion-protection
      input:
        apiVersion: v1
        data:
          bucketRegion: rma
          chartRepository: oci://registry-1.docker.io/bitnamicharts/mariadb-galera
          chartVersion: 14.2.9
          controlNamespace: syn-appcat-control
          crossplaneNamespace: syn-crossplane
          defaultPlan: standard-1
          emailAlertingEnabled: 'true'
          emailAlertingSecretName: mailgun-smtp-credentials
          emailAlertingSecretNamespace: syn-appcat
          emailAlertingSmtpFromAddress: appcat@appuio.cloud
          emailAlertingSmtpHost: smtp.eu.mailgun.org:465
          emailAlertingSmtpUsername: appcat@appuio.cloud
          ignoreNamespaceForBilling: vshn-test
          imageRegistry: docker.io
          imageTag: hotfix_deletion_protection
          isOpenshift: 'false'
          maintenanceSA: helm-based-service-maintenance
          mode: standalone
          ocpDefaultAppsDomain: apps.lab-cloudscale-rma-0.appuio.cloud
          ownerGroup: vshn.appcat.vshn.io
          ownerKind: XVSHNMariaDB
          ownerVersion: v1
          plans: '{"standard-1": {"size": {"cpu": "250m", "disk": "16Gi", "enabled":
            true, "memory": "1Gi"}}, "standard-2": {"size": {"cpu": "500m", "disk":
            "16Gi", "enabled": true, "memory": "2Gi"}}, "standard-4": {"size": {"cpu":
            "1", "disk": "16Gi", "enabled": true, "memory": "4Gi"}}, "standard-512m":
            {"size": {"cpu": "125m", "disk": "16Gi", "enabled": true, "memory": "512Mi"}},
            "standard-8": {"size": {"cpu": "2", "disk": "16Gi", "enabled": true, "memory":
            "8Gi"}}}'
          proxyEndpoint: 172.19.0.1:9443
          proxysqlCPULimit: 500m
          proxysqlCPURequests: 50m
          proxysqlImage: docker.io/proxysql/proxysql:2.7.1
          proxysqlMemoryLimit: 256Mi
          proxysqlMemoryRequests: 64Mi
          quotasEnabled: 'false'
          releaseManagementEnabled: 'false'
          restoreSA: mariadbrestoreserviceaccount
          salesOrder: ''
          serviceID: vshn-mariadb
          serviceName: mariadb
          sliNamespace: syn-appcat-slos
        kind: ConfigMap
        metadata:
          labels:
            name: xfn-config
          name: xfn-config
      step: mariadb-func
  writeConnectionSecretsToNamespace: syn-crossplane
