apiVersion: apiextensions.crossplane.io/v1
kind: Composition
metadata:
  annotations:
    argocd.argoproj.io/sync-options: SkipDryRunOnMissingResource=true
    argocd.argoproj.io/sync-wave: '-60'
    metadata.appcat.vshn.io/description: S3 compatible object storage hosted by Minio-minio
    metadata.appcat.vshn.io/displayname: Minio-minio Object Storage
    metadata.appcat.vshn.io/end-user-docs-url: https://vs.hn/objstor
    metadata.appcat.vshn.io/product-description: https://products.docs.vshn.ch/products/appcat/objectstorage.html
    metadata.appcat.vshn.io/zone: default
  labels:
    metadata.appcat.vshn.io/offered: 'true'
    metadata.appcat.vshn.io/serviceID: minio-minio-objectbucket
    name: minio.objectbuckets.appcat.vshn.io
  name: minio.objectbuckets.appcat.vshn.io
spec:
  compositeTypeRef:
    apiVersion: appcat.vshn.io/v1
    kind: XObjectBucket
  mode: Pipeline
  pipeline:
    - functionRef:
        name: function-appcat-debug-v4-163-5
      input:
        apiVersion: v1
        data:
          crossplaneNamespace: syn-crossplane
          providerConfig: minio
          proxyEndpoint: 172.19.0.1:9443
          serviceID: minio-minio-objectbucket
          serviceName: miniobucket
        kind: ConfigMap
        metadata:
          labels:
            name: xfn-config
          name: xfn-config
      step: miniobucket-func
  writeConnectionSecretsToNamespace: syn-crossplane
