aggregationRule:
  clusterRoleSelectors:
    - matchLabels:
        rbac.crossplane.io/aggregate-to-crossplane: 'true'
apiVersion: rbac.authorization.k8s.io/v1
kind: ClusterRole
metadata:
  annotations:
    argocd.argoproj.io/sync-wave: '-100'
  labels:
    app: crossplane
    app.kubernetes.io/component: cloud-infrastructure-controller
    app.kubernetes.io/instance: appcat
    app.kubernetes.io/managed-by: Helm
    app.kubernetes.io/name: crossplane
    app.kubernetes.io/part-of: crossplane
    app.kubernetes.io/version: 1.20.0
    helm.sh/chart: crossplane-1.20.0
  name: crossplane
---
apiVersion: rbac.authorization.k8s.io/v1
kind: ClusterRole
metadata:
  annotations:
    argocd.argoproj.io/sync-wave: '-100'
  labels:
    app: crossplane
    app.kubernetes.io/component: cloud-infrastructure-controller
    app.kubernetes.io/instance: appcat
    app.kubernetes.io/managed-by: Helm
    app.kubernetes.io/name: crossplane
    app.kubernetes.io/part-of: crossplane
    app.kubernetes.io/version: 1.20.0
    crossplane.io/scope: system
    helm.sh/chart: crossplane-1.20.0
    rbac.crossplane.io/aggregate-to-crossplane: 'true'
  name: crossplane:system:aggregate-to-crossplane
rules:
  - apiGroups:
      - ''
    resources:
      - events
    verbs:
      - create
      - update
      - patch
      - delete
  - apiGroups:
      - apiextensions.k8s.io
    resources:
      - customresourcedefinitions
      - customresourcedefinitions/status
    verbs:
      - '*'
  - apiGroups:
      - ''
    resources:
      - secrets
    verbs:
      - get
      - list
      - watch
      - create
      - update
      - patch
      - delete
  - apiGroups:
      - ''
    resources:
      - serviceaccounts
      - services
    verbs:
      - '*'
  - apiGroups:
      - apiextensions.crossplane.io
      - pkg.crossplane.io
      - secrets.crossplane.io
    resources:
      - '*'
    verbs:
      - '*'
  - apiGroups:
      - extensions
      - apps
    resources:
      - deployments
    verbs:
      - get
      - list
      - create
      - update
      - patch
      - delete
      - watch
  - apiGroups:
      - ''
      - coordination.k8s.io
    resources:
      - configmaps
      - leases
    verbs:
      - get
      - list
      - create
      - update
      - patch
      - watch
      - delete
  - apiGroups:
      - admissionregistration.k8s.io
    resources:
      - validatingwebhookconfigurations
      - mutatingwebhookconfigurations
    verbs:
      - get
      - list
      - create
      - update
      - patch
      - watch
      - delete
