apiVersion: monitoring.coreos.com/v1
kind: PrometheusRule
metadata:
  labels:
    name: vshn-forgejo
  name: vshn-forgejo
  namespace: syn-appcat-slos
spec:
  groups:
    - name: sloth-slo-sli-recordings-appcat-vshn-forgejo-uptime
      rules:
        - expr: |
            (sum(rate(appcat_probes_seconds_count{reason!="success", service="VSHNForgejo", ha="false", maintenance="false"}[5m]) or 0*rate(appcat_probes_seconds_count{service="VSHNForgejo"}[5m])) by (service, namespace, name, organization, sla))
            /
            (sum(rate(appcat_probes_seconds_count{service="VSHNForgejo", ha="false"}[5m])) by (service, namespace, name, organization, sla))
          labels:
            sloth_id: appcat-vshn-forgejo-uptime
            sloth_service: appcat-vshn-forgejo
            sloth_slo: uptime
            sloth_window: 5m
          record: slo:sli_error:ratio_rate5m
        - expr: |
            (sum(rate(appcat_probes_seconds_count{reason!="success", service="VSHNForgejo", ha="false", maintenance="false"}[30m]) or 0*rate(appcat_probes_seconds_count{service="VSHNForgejo"}[30m])) by (service, namespace, name, organization, sla))
            /
            (sum(rate(appcat_probes_seconds_count{service="VSHNForgejo", ha="false"}[30m])) by (service, namespace, name, organization, sla))
          labels:
            sloth_id: appcat-vshn-forgejo-uptime
            sloth_service: appcat-vshn-forgejo
            sloth_slo: uptime
            sloth_window: 30m
          record: slo:sli_error:ratio_rate30m
        - expr: |
            (sum(rate(appcat_probes_seconds_count{reason!="success", service="VSHNForgejo", ha="false", maintenance="false"}[1h]) or 0*rate(appcat_probes_seconds_count{service="VSHNForgejo"}[1h])) by (service, namespace, name, organization, sla))
            /
            (sum(rate(appcat_probes_seconds_count{service="VSHNForgejo", ha="false"}[1h])) by (service, namespace, name, organization, sla))
          labels:
            sloth_id: appcat-vshn-forgejo-uptime
            sloth_service: appcat-vshn-forgejo
            sloth_slo: uptime
            sloth_window: 1h
          record: slo:sli_error:ratio_rate1h
        - expr: |
            (sum(rate(appcat_probes_seconds_count{reason!="success", service="VSHNForgejo", ha="false", maintenance="false"}[2h]) or 0*rate(appcat_probes_seconds_count{service="VSHNForgejo"}[2h])) by (service, namespace, name, organization, sla))
            /
            (sum(rate(appcat_probes_seconds_count{service="VSHNForgejo", ha="false"}[2h])) by (service, namespace, name, organization, sla))
          labels:
            sloth_id: appcat-vshn-forgejo-uptime
            sloth_service: appcat-vshn-forgejo
            sloth_slo: uptime
            sloth_window: 2h
          record: slo:sli_error:ratio_rate2h
        - expr: |
            (sum(rate(appcat_probes_seconds_count{reason!="success", service="VSHNForgejo", ha="false", maintenance="false"}[6h]) or 0*rate(appcat_probes_seconds_count{service="VSHNForgejo"}[6h])) by (service, namespace, name, organization, sla))
            /
            (sum(rate(appcat_probes_seconds_count{service="VSHNForgejo", ha="false"}[6h])) by (service, namespace, name, organization, sla))
          labels:
            sloth_id: appcat-vshn-forgejo-uptime
            sloth_service: appcat-vshn-forgejo
            sloth_slo: uptime
            sloth_window: 6h
          record: slo:sli_error:ratio_rate6h
        - expr: |
            (sum(rate(appcat_probes_seconds_count{reason!="success", service="VSHNForgejo", ha="false", maintenance="false"}[1d]) or 0*rate(appcat_probes_seconds_count{service="VSHNForgejo"}[1d])) by (service, namespace, name, organization, sla))
            /
            (sum(rate(appcat_probes_seconds_count{service="VSHNForgejo", ha="false"}[1d])) by (service, namespace, name, organization, sla))
          labels:
            sloth_id: appcat-vshn-forgejo-uptime
            sloth_service: appcat-vshn-forgejo
            sloth_slo: uptime
            sloth_window: 1d
          record: slo:sli_error:ratio_rate1d
        - expr: |
            (sum(rate(appcat_probes_seconds_count{reason!="success", service="VSHNForgejo", ha="false", maintenance="false"}[3d]) or 0*rate(appcat_probes_seconds_count{service="VSHNForgejo"}[3d])) by (service, namespace, name, organization, sla))
            /
            (sum(rate(appcat_probes_seconds_count{service="VSHNForgejo", ha="false"}[3d])) by (service, namespace, name, organization, sla))
          labels:
            sloth_id: appcat-vshn-forgejo-uptime
            sloth_service: appcat-vshn-forgejo
            sloth_slo: uptime
            sloth_window: 3d
          record: slo:sli_error:ratio_rate3d
        - expr: |
            sum_over_time(slo:sli_error:ratio_rate5m{sloth_id="appcat-vshn-forgejo-uptime", sloth_service="appcat-vshn-forgejo", sloth_slo="uptime"}[30d])
            / ignoring (sloth_window)
            count_over_time(slo:sli_error:ratio_rate5m{sloth_id="appcat-vshn-forgejo-uptime", sloth_service="appcat-vshn-forgejo", sloth_slo="uptime"}[30d])
          labels:
            sloth_id: appcat-vshn-forgejo-uptime
            sloth_service: appcat-vshn-forgejo
            sloth_slo: uptime
            sloth_window: 30d
          record: slo:sli_error:ratio_rate30d
    - name: sloth-slo-meta-recordings-appcat-vshn-forgejo-uptime
      rules:
        - expr: vector(0.9990000000000001)
          labels:
            sloth_id: appcat-vshn-forgejo-uptime
            sloth_service: appcat-vshn-forgejo
            sloth_slo: uptime
          record: slo:objective:ratio
        - expr: vector(1-0.9990000000000001)
          labels:
            sloth_id: appcat-vshn-forgejo-uptime
            sloth_service: appcat-vshn-forgejo
            sloth_slo: uptime
          record: slo:error_budget:ratio
        - expr: vector(30)
          labels:
            sloth_id: appcat-vshn-forgejo-uptime
            sloth_service: appcat-vshn-forgejo
            sloth_slo: uptime
          record: slo:time_period:days
        - expr: |
            slo:sli_error:ratio_rate5m{sloth_id="appcat-vshn-forgejo-uptime", sloth_service="appcat-vshn-forgejo", sloth_slo="uptime"}
            / on(sloth_id, sloth_slo, sloth_service) group_left
            slo:error_budget:ratio{sloth_id="appcat-vshn-forgejo-uptime", sloth_service="appcat-vshn-forgejo", sloth_slo="uptime"}
          labels:
            sloth_id: appcat-vshn-forgejo-uptime
            sloth_service: appcat-vshn-forgejo
            sloth_slo: uptime
          record: slo:current_burn_rate:ratio
        - expr: |
            slo:sli_error:ratio_rate30d{sloth_id="appcat-vshn-forgejo-uptime", sloth_service="appcat-vshn-forgejo", sloth_slo="uptime"}
            / on(sloth_id, sloth_slo, sloth_service) group_left
            slo:error_budget:ratio{sloth_id="appcat-vshn-forgejo-uptime", sloth_service="appcat-vshn-forgejo", sloth_slo="uptime"}
          labels:
            sloth_id: appcat-vshn-forgejo-uptime
            sloth_service: appcat-vshn-forgejo
            sloth_slo: uptime
          record: slo:period_burn_rate:ratio
        - expr: 1 - slo:period_burn_rate:ratio{sloth_id="appcat-vshn-forgejo-uptime",
            sloth_service="appcat-vshn-forgejo", sloth_slo="uptime"}
          labels:
            sloth_id: appcat-vshn-forgejo-uptime
            sloth_service: appcat-vshn-forgejo
            sloth_slo: uptime
          record: slo:period_error_budget_remaining:ratio
        - expr: vector(1)
          labels:
            sloth_id: appcat-vshn-forgejo-uptime
            sloth_mode: cli-gen-prom
            sloth_objective: '99.9'
            sloth_service: appcat-vshn-forgejo
            sloth_slo: uptime
            sloth_spec: prometheus/v1
            sloth_version: v0.12.0
          record: sloth_slo_info
    - name: sloth-slo-alerts-appcat-vshn-forgejo-uptime
      rules:
        - alert: SLO_AppCat_VSHNForgejoUptime
          annotations:
            for: 6m
            summary: Probes to Forgejo by VSHN instance fail
            title: (page) {{$labels.sloth_service}} {{$labels.sloth_slo}} SLO error
              budget burn rate is too fast.
          expr: |
            (
                max(slo:sli_error:ratio_rate5m{sloth_id="appcat-vshn-forgejo-uptime", sloth_service="appcat-vshn-forgejo", sloth_slo="uptime"} > (14.4 * 0.0009999999999999432)) without (sloth_window)
                and
                max(slo:sli_error:ratio_rate1h{sloth_id="appcat-vshn-forgejo-uptime", sloth_service="appcat-vshn-forgejo", sloth_slo="uptime"} > (14.4 * 0.0009999999999999432)) without (sloth_window)
            )
            or
            (
                max(slo:sli_error:ratio_rate30m{sloth_id="appcat-vshn-forgejo-uptime", sloth_service="appcat-vshn-forgejo", sloth_slo="uptime"} > (6 * 0.0009999999999999432)) without (sloth_window)
                and
                max(slo:sli_error:ratio_rate6h{sloth_id="appcat-vshn-forgejo-uptime", sloth_service="appcat-vshn-forgejo", sloth_slo="uptime"} > (6 * 0.0009999999999999432)) without (sloth_window)
            )
          for: 6m
          labels:
            service: VSHNForgejo
            severity: critical
            sloth_severity: page
        - alert: SLO_AppCat_VSHNForgejoUptime
          annotations:
            runbook_url: https://hub.syn.tools/appcat/runbooks/vshn-forgejo.html#uptime
            summary: Probes to Forgejo by VSHN instance fail
            title: (ticket) {{$labels.sloth_service}} {{$labels.sloth_slo}} SLO error
              budget burn rate is too fast.
          expr: |
            (
                max(slo:sli_error:ratio_rate2h{sloth_id="appcat-vshn-forgejo-uptime", sloth_service="appcat-vshn-forgejo", sloth_slo="uptime"} > (3 * 0.0009999999999999432)) without (sloth_window)
                and
                max(slo:sli_error:ratio_rate1d{sloth_id="appcat-vshn-forgejo-uptime", sloth_service="appcat-vshn-forgejo", sloth_slo="uptime"} > (3 * 0.0009999999999999432)) without (sloth_window)
            )
            or
            (
                max(slo:sli_error:ratio_rate6h{sloth_id="appcat-vshn-forgejo-uptime", sloth_service="appcat-vshn-forgejo", sloth_slo="uptime"} > (1 * 0.0009999999999999432)) without (sloth_window)
                and
                max(slo:sli_error:ratio_rate3d{sloth_id="appcat-vshn-forgejo-uptime", sloth_service="appcat-vshn-forgejo", sloth_slo="uptime"} > (1 * 0.0009999999999999432)) without (sloth_window)
            )
          labels:
            service: VSHNForgejo
            severity: warning
            sloth_severity: ticket
