apiVersion: pkg.crossplane.io/v1beta1
kind: Function
metadata:
  annotations:
    argocd.argoproj.io/sync-options: SkipDryRunOnMissingResource=true
    argocd.argoproj.io/sync-wave: '-40'
  name: function-appcat-master-change-kc-customenvvarref
spec:
  package: ghcr.io/vshn/appcat:change_kc-customenvvarref-func
  packagePullPolicy: IfNotPresent
  runtimeConfigRef:
    name: function-appcat
  skipDependencyResolution: true
---
apiVersion: pkg.crossplane.io/v1beta1
kind: Function
metadata:
  annotations:
    argocd.argoproj.io/sync-options: SkipDryRunOnMissingResource=true
    argocd.argoproj.io/sync-wave: '-40'
  name: function-appcat-v3-47-2-v4-159-2
spec:
  package: ghcr.io/vshn/appcat:v4.159.2-func
  packagePullPolicy: IfNotPresent
  runtimeConfigRef:
    name: function-appcat
  skipDependencyResolution: true
---
apiVersion: pkg.crossplane.io/v1beta1
kind: Function
metadata:
  annotations:
    argocd.argoproj.io/sync-options: SkipDryRunOnMissingResource=true
    argocd.argoproj.io/sync-wave: '-40'
  name: function-appcat-v3-47-3-v4-159-4
spec:
  package: ghcr.io/vshn/appcat:v4.159.4-func
  packagePullPolicy: IfNotPresent
  runtimeConfigRef:
    name: function-appcat
  skipDependencyResolution: true
---
apiVersion: pkg.crossplane.io/v1beta1
kind: Function
metadata:
  annotations:
    argocd.argoproj.io/sync-options: SkipDryRunOnMissingResource=true
    argocd.argoproj.io/sync-wave: '-40'
  name: function-appcat-v3-47-4-v4-159-4
spec:
  package: ghcr.io/vshn/appcat:v4.159.4-func
  packagePullPolicy: IfNotPresent
  runtimeConfigRef:
    name: function-appcat
  skipDependencyResolution: true
---
apiVersion: pkg.crossplane.io/v1beta1
kind: Function
metadata:
  annotations:
    argocd.argoproj.io/sync-options: SkipDryRunOnMissingResource=true
    argocd.argoproj.io/sync-wave: '-40'
  name: function-appcat-v3-48-0-v4-160-0
spec:
  package: ghcr.io/vshn/appcat:v4.160.0-func
  packagePullPolicy: IfNotPresent
  runtimeConfigRef:
    name: function-appcat
  skipDependencyResolution: true
---
apiVersion: pkg.crossplane.io/v1beta1
kind: Function
metadata:
  annotations:
    argocd.argoproj.io/sync-options: SkipDryRunOnMissingResource=true
    argocd.argoproj.io/sync-wave: '-40'
  name: function-appcat-v3-49-0-v4-160-0
spec:
  package: ghcr.io/vshn/appcat:v4.160.0-func
  packagePullPolicy: IfNotPresent
  runtimeConfigRef:
    name: function-appcat
  skipDependencyResolution: true
