apiVersion: apiextensions.crossplane.io/v1
kind: Composition
metadata:
  annotations:
    argocd.argoproj.io/sync-options: SkipDryRunOnMissingResource=true
    argocd.argoproj.io/sync-wave: '-60'
    metadata.appcat.vshn.io/description: Forgejo instances by VSHN
    metadata.appcat.vshn.io/displayname: Forgejo by VSHN
    metadata.appcat.vshn.io/end-user-docs-url: https://vs.hn/vshn-forgejo
    metadata.appcat.vshn.io/flavor: standalone
    metadata.appcat.vshn.io/plans: '{"large":{"size":{"cpu":"4","disk":"500Gi","enabled":true,"memory":"16Gi"}},"medium":{"size":{"cpu":"2","disk":"200Gi","enabled":true,"memory":"8Gi"}},"mini":{"size":{"cpu":"500m","disk":"10Gi","enabled":true,"memory":"2Gi"}},"small":{"size":{"cpu":"1","disk":"50Gi","enabled":true,"memory":"4Gi"}}}'
    metadata.appcat.vshn.io/product-description: https://products.docs.vshn.ch/products/appcat/forgejo.html
    metadata.appcat.vshn.io/zone: rma1
  labels:
    metadata.appcat.vshn.io/offered: 'true'
    metadata.appcat.vshn.io/revision: master-test-pr-1
    metadata.appcat.vshn.io/serviceID: vshn-forgejo
    name: vshnforgejo.vshn.appcat.vshn.io
  name: vshnforgejo.vshn.appcat.vshn.io
spec:
  compositeTypeRef:
    apiVersion: vshn.appcat.vshn.io/v1
    kind: XVSHNForgejo
  mode: Pipeline
  pipeline:
    - functionRef:
        name: function-appcat-master-test-pr-1
      input:
        apiVersion: v1
        data:
          bucketRegion: lpg
          busybox_image: docker.io/library/busybox
          chartRepository: oci://code.forgejo.org/forgejo-helm/forgejo
          chartVersion: 12.5.2
          controlNamespace: syn-appcat-control
          crossplaneNamespace: syn-crossplane
          defaultPlan: small
          emailAlertingEnabled: 'false'
          emailAlertingSecretName: mailgun-smtp-credentials
          emailAlertingSecretNamespace: syn-appcat
          emailAlertingSmtpFromAddress: appcat@appuio.cloud
          emailAlertingSmtpHost: smtp.eu.mailgun.org:465
          emailAlertingSmtpUsername: appcat@appuio.cloud
          ignoreNamespaceForBilling: vshn-test
          imageRegistry: code.forgejo.org
          imageTag: test-pr-1
          ingress_annotations: |
            cert-manager.io/cluster-issuer: letsencrypt-production
          isOpenshift: 'false'
          maintenanceSA: helm-based-service-maintenance
          mode: standalone
          oc_image: quay.io/appuio/oc:v4.13
          ocpDefaultAppsDomain: ''
          ownerGroup: vshn.appcat.vshn.io
          ownerKind: XVSHNForgejo
          ownerVersion: v1
          plans: '{"large": {"size": {"cpu": "4", "disk": "500Gi", "enabled": true,
            "memory": "16Gi"}}, "medium": {"size": {"cpu": "2", "disk": "200Gi", "enabled":
            true, "memory": "8Gi"}}, "mini": {"size": {"cpu": "500m", "disk": "10Gi",
            "enabled": true, "memory": "2Gi"}}, "small": {"size": {"cpu": "1", "disk":
            "50Gi", "enabled": true, "memory": "4Gi"}}}'
          quotasEnabled: 'false'
          registry_password: ''
          registry_username: ''
          releaseManagementEnabled: 'true'
          restoreSA: forgejoserviceaccount
          salesOrder: ''
          serviceID: vshn-forgejo
          serviceName: forgejo
          sliNamespace: syn-appcat-slos
        kind: ConfigMap
        metadata:
          labels:
            name: xfn-config
          name: xfn-config
      step: forgejo-func
  writeConnectionSecretsToNamespace: syn-crossplane
