apiVersion: apiextensions.crossplane.io/v1
kind: Composition
metadata:
  annotations:
    argocd.argoproj.io/sync-options: SkipDryRunOnMissingResource=true
    argocd.argoproj.io/sync-wave: '-60'
    metadata.appcat.vshn.io/description: Nextcloud instances by VSHN
    metadata.appcat.vshn.io/displayname: Nextcloud by VSHN
    metadata.appcat.vshn.io/end-user-docs-url: https://vs.hn/vshn-nextcloud
    metadata.appcat.vshn.io/flavor: standalone
    metadata.appcat.vshn.io/plans: '{"standard-2":{"size":{"cpu":"500m","disk":"16Gi","enabled":true,"memory":"2Gi"}},"standard-4":{"size":{"cpu":"1","disk":"16Gi","enabled":true,"memory":"4Gi"}},"standard-8":{"size":{"cpu":"2","disk":"16Gi","enabled":true,"memory":"8Gi"}}}'
    metadata.appcat.vshn.io/product-description: https://products.docs.vshn.ch/products/appcat/nextcloud.html
    metadata.appcat.vshn.io/zone: rma1
  labels:
    metadata.appcat.vshn.io/offered: 'true'
    metadata.appcat.vshn.io/revision: master-hotfix-1
    metadata.appcat.vshn.io/serviceID: vshn-nextcloud
    name: vshnnextcloud.vshn.appcat.vshn.io
  name: vshnnextcloud.vshn.appcat.vshn.io
spec:
  compositeTypeRef:
    apiVersion: vshn.appcat.vshn.io/v1
    kind: XVSHNNextcloud
  mode: Pipeline
  pipeline:
    - functionRef:
        name: function-appcat-master-hotfix-1
      input:
        apiVersion: v1
        data:
          bucketRegion: lpg
          busybox_image: docker.io/library/busybox
          chartRepository: https://nextcloud.github.io/helm/
          chartVersion: 6.6.10
          collaboraCPULimit: '1'
          collaboraCPURequests: 250m
          collaboraMemoryLimit: 1Gi
          collaboraMemoryRequests: 256Mi
          collabora_image: docker.io/collabora/code
          collabora_image_tag: latest
          controlNamespace: syn-appcat-control
          crossplaneNamespace: syn-crossplane
          defaultPlan: standard-2
          emailAlertingEnabled: 'false'
          emailAlertingSecretName: mailgun-smtp-credentials
          emailAlertingSecretNamespace: syn-appcat
          emailAlertingSmtpFromAddress: appcat@appuio.cloud
          emailAlertingSmtpHost: smtp.eu.mailgun.org:465
          emailAlertingSmtpUsername: appcat@appuio.cloud
          ignoreNamespaceForBilling: vshn-test
          imageRegistry: docker.io
          imageTag: hotfix-1
          ingress_annotations: |
            cert-manager.io/cluster-issuer: letsencrypt-staging
            nginx.ingress.kubernetes.io/enable-cors: "true"
            nginx.ingress.kubernetes.io/cors-allow-headers: "X-Forwarded-For"
          isOpenshift: 'false'
          maintenanceSA: helm-based-service-maintenance
          mode: standalone
          nextcloud_image: docker.io/library/nextcloud
          oc_image: quay.io/appuio/oc:v4.13
          ocpDefaultAppsDomain: ''
          ownerGroup: vshn.appcat.vshn.io
          ownerKind: XVSHNNextcloud
          ownerVersion: v1
          plans: '{"standard-2": {"size": {"cpu": "500m", "disk": "16Gi", "enabled":
            true, "memory": "2Gi"}}, "standard-4": {"size": {"cpu": "1", "disk": "16Gi",
            "enabled": true, "memory": "4Gi"}}, "standard-8": {"size": {"cpu": "2",
            "disk": "16Gi", "enabled": true, "memory": "8Gi"}}}'
          quotasEnabled: 'false'
          releaseManagementEnabled: 'true'
          restoreSA: nextcloudserviceaccount
          salesOrder: ''
          serviceID: vshn-nextcloud
          serviceName: nextcloud
          sliNamespace: syn-appcat-slos
        kind: ConfigMap
        metadata:
          labels:
            name: xfn-config
          name: xfn-config
      step: nextcloud-func
  writeConnectionSecretsToNamespace: syn-crossplane
