apiVersion: apps/v1
kind: Deployment
metadata:
  annotations:
    metadata.appcat.vshn.io/enabled-services-hash: 05da3ea78684190be4d162a2852b7ea3
  labels:
    appcat-controller: appcat-controller
  name: appcat-controller
  namespace: syn-appcat
spec:
  replicas: 2
  selector:
    matchLabels:
      appcat-controller: appcat-controller
  template:
    metadata:
      annotations:
        kubeconfighash: d41d8cd98f00b204e9800998ecf8427e
      labels:
        appcat-controller: appcat-controller
    spec:
      containers:
        - args:
            - controller
            - --leader-elect
            - --quotas=false
          env:
            - name: PLANS_NAMESPACE
              value: syn-appcat
          image: ghcr.io/zugao/appcat:a119e9be04299ebe385a0e62ec87b92ad8640605
          imagePullPolicy: IfNotPresent
          livenessProbe:
            httpGet:
              path: /healthz
              port: 8081
            initialDelaySeconds: 15
            periodSeconds: 20
          name: manager
          readinessProbe:
            httpGet:
              path: /readyz
              port: 8081
            initialDelaySeconds: 5
            periodSeconds: 10
          resources:
            limits:
              cpu: 200m
              memory: 300Mi
            requests:
              cpu: 100m
              memory: 50Mi
          volumeMounts:
            - mountPath: /etc/webhook/certs
              name: webhook-certs
      securityContext:
        runAsNonRoot: true
      serviceAccountName: appcat-controller
      terminationGracePeriodSeconds: 10
      volumes:
        - name: webhook-certs
          secret:
            secretName: webhook-cert
