aggregationRule:
  clusterRoleSelectors:
    - matchLabels:
        rbac.crossplane.io/aggregate-to-admin: 'true'
apiVersion: rbac.authorization.k8s.io/v1
kind: ClusterRole
metadata:
  annotations:
    argocd.argoproj.io/sync-wave: '-100'
  labels:
    app: crossplane
    app.kubernetes.io/component: cloud-infrastructure-controller
    app.kubernetes.io/instance: appcat
    app.kubernetes.io/managed-by: Helm
    app.kubernetes.io/name: crossplane
    app.kubernetes.io/part-of: crossplane
    app.kubernetes.io/version: 1.20.0
    helm.sh/chart: crossplane-1.20.0
  name: crossplane-admin
---
aggregationRule:
  clusterRoleSelectors:
    - matchLabels:
        rbac.crossplane.io/aggregate-to-edit: 'true'
apiVersion: rbac.authorization.k8s.io/v1
kind: ClusterRole
metadata:
  annotations:
    argocd.argoproj.io/sync-wave: '-100'
  labels:
    app: crossplane
    app.kubernetes.io/component: cloud-infrastructure-controller
    app.kubernetes.io/instance: appcat
    app.kubernetes.io/managed-by: Helm
    app.kubernetes.io/name: crossplane
    app.kubernetes.io/part-of: crossplane
    app.kubernetes.io/version: 1.20.0
    helm.sh/chart: crossplane-1.20.0
  name: crossplane-edit
---
aggregationRule:
  clusterRoleSelectors:
    - matchLabels:
        rbac.crossplane.io/aggregate-to-view: 'true'
apiVersion: rbac.authorization.k8s.io/v1
kind: ClusterRole
metadata:
  annotations:
    argocd.argoproj.io/sync-wave: '-100'
  labels:
    app: crossplane
    app.kubernetes.io/component: cloud-infrastructure-controller
    app.kubernetes.io/instance: appcat
    app.kubernetes.io/managed-by: Helm
    app.kubernetes.io/name: crossplane
    app.kubernetes.io/part-of: crossplane
    app.kubernetes.io/version: 1.20.0
    helm.sh/chart: crossplane-1.20.0
  name: crossplane-view
---
aggregationRule:
  clusterRoleSelectors:
    - matchLabels:
        rbac.crossplane.io/aggregate-to-browse: 'true'
apiVersion: rbac.authorization.k8s.io/v1
kind: ClusterRole
metadata:
  annotations:
    argocd.argoproj.io/sync-wave: '-100'
  labels:
    app: crossplane
    app.kubernetes.io/component: cloud-infrastructure-controller
    app.kubernetes.io/instance: appcat
    app.kubernetes.io/managed-by: Helm
    app.kubernetes.io/name: crossplane
    app.kubernetes.io/part-of: crossplane
    app.kubernetes.io/version: 1.20.0
    helm.sh/chart: crossplane-1.20.0
  name: crossplane-browse
---
apiVersion: rbac.authorization.k8s.io/v1
kind: ClusterRole
metadata:
  annotations:
    argocd.argoproj.io/sync-wave: '-100'
  labels:
    app: crossplane
    app.kubernetes.io/component: cloud-infrastructure-controller
    app.kubernetes.io/instance: appcat
    app.kubernetes.io/managed-by: Helm
    app.kubernetes.io/name: crossplane
    app.kubernetes.io/part-of: crossplane
    app.kubernetes.io/version: 1.20.0
    helm.sh/chart: crossplane-1.20.0
    rbac.crossplane.io/aggregate-to-admin: 'true'
  name: crossplane:aggregate-to-admin
rules:
  - apiGroups:
      - ''
    resources:
      - events
    verbs:
      - get
      - list
      - watch
  - apiGroups:
      - ''
    resources:
      - secrets
      - namespaces
    verbs:
      - '*'
  - apiGroups:
      - rbac.authorization.k8s.io
    resources:
      - clusterroles
      - roles
    verbs:
      - get
      - list
      - watch
  - apiGroups:
      - rbac.authorization.k8s.io
    resources:
      - clusterrolebindings
      - rolebindings
    verbs:
      - '*'
  - apiGroups:
      - apiextensions.crossplane.io
    resources:
      - '*'
    verbs:
      - '*'
  - apiGroups:
      - pkg.crossplane.io
    resources:
      - '*'
    verbs:
      - '*'
  - apiGroups:
      - secrets.crossplane.io
    resources:
      - '*'
    verbs:
      - '*'
  - apiGroups:
      - apiextensions.k8s.io
    resources:
      - customresourcedefinitions
    verbs:
      - get
      - list
      - watch
---
apiVersion: rbac.authorization.k8s.io/v1
kind: ClusterRole
metadata:
  annotations:
    argocd.argoproj.io/sync-wave: '-100'
  labels:
    app: crossplane
    app.kubernetes.io/component: cloud-infrastructure-controller
    app.kubernetes.io/instance: appcat
    app.kubernetes.io/managed-by: Helm
    app.kubernetes.io/name: crossplane
    app.kubernetes.io/part-of: crossplane
    app.kubernetes.io/version: 1.20.0
    helm.sh/chart: crossplane-1.20.0
    rbac.crossplane.io/aggregate-to-edit: 'true'
  name: crossplane:aggregate-to-edit
rules:
  - apiGroups:
      - ''
    resources:
      - events
    verbs:
      - get
      - list
      - watch
  - apiGroups:
      - ''
    resources:
      - secrets
    verbs:
      - '*'
  - apiGroups:
      - ''
    resources:
      - namespaces
    verbs:
      - get
      - list
      - watch
  - apiGroups:
      - apiextensions.crossplane.io
    resources:
      - '*'
    verbs:
      - '*'
  - apiGroups:
      - pkg.crossplane.io
    resources:
      - '*'
    verbs:
      - '*'
  - apiGroups:
      - secrets.crossplane.io
    resources:
      - '*'
    verbs:
      - '*'
---
apiVersion: rbac.authorization.k8s.io/v1
kind: ClusterRole
metadata:
  annotations:
    argocd.argoproj.io/sync-wave: '-100'
  labels:
    app: crossplane
    app.kubernetes.io/component: cloud-infrastructure-controller
    app.kubernetes.io/instance: appcat
    app.kubernetes.io/managed-by: Helm
    app.kubernetes.io/name: crossplane
    app.kubernetes.io/part-of: crossplane
    app.kubernetes.io/version: 1.20.0
    helm.sh/chart: crossplane-1.20.0
    rbac.crossplane.io/aggregate-to-view: 'true'
  name: crossplane:aggregate-to-view
rules:
  - apiGroups:
      - ''
    resources:
      - events
    verbs:
      - get
      - list
      - watch
  - apiGroups:
      - ''
    resources:
      - namespaces
    verbs:
      - get
      - list
      - watch
  - apiGroups:
      - apiextensions.crossplane.io
    resources:
      - '*'
    verbs:
      - get
      - list
      - watch
  - apiGroups:
      - pkg.crossplane.io
    resources:
      - '*'
    verbs:
      - get
      - list
      - watch
  - apiGroups:
      - secrets.crossplane.io
    resources:
      - '*'
    verbs:
      - get
      - list
      - watch
---
apiVersion: rbac.authorization.k8s.io/v1
kind: ClusterRole
metadata:
  annotations:
    argocd.argoproj.io/sync-wave: '-100'
  labels:
    app: crossplane
    app.kubernetes.io/component: cloud-infrastructure-controller
    app.kubernetes.io/instance: appcat
    app.kubernetes.io/managed-by: Helm
    app.kubernetes.io/name: crossplane
    app.kubernetes.io/part-of: crossplane
    app.kubernetes.io/version: 1.20.0
    helm.sh/chart: crossplane-1.20.0
    rbac.crossplane.io/aggregate-to-browse: 'true'
  name: crossplane:aggregate-to-browse
rules:
  - apiGroups:
      - ''
    resources:
      - events
    verbs:
      - get
      - list
      - watch
  - apiGroups:
      - apiextensions.crossplane.io
    resources:
      - '*'
    verbs:
      - get
      - list
      - watch
---
apiVersion: rbac.authorization.k8s.io/v1
kind: ClusterRoleBinding
metadata:
  annotations:
    argocd.argoproj.io/sync-wave: '-100'
  labels:
    app: crossplane
    app.kubernetes.io/component: cloud-infrastructure-controller
    app.kubernetes.io/instance: appcat
    app.kubernetes.io/managed-by: Helm
    app.kubernetes.io/name: crossplane
    app.kubernetes.io/part-of: crossplane
    app.kubernetes.io/version: 1.20.0
    helm.sh/chart: crossplane-1.20.0
  name: crossplane-admin
roleRef:
  apiGroup: rbac.authorization.k8s.io
  kind: ClusterRole
  name: crossplane-admin
subjects:
  - apiGroup: rbac.authorization.k8s.io
    kind: Group
    name: crossplane:masters
