apiVersion: v1
kind: Service
metadata:
  annotations:
    argocd.argoproj.io/sync-wave: '-100'
  labels:
    app: crossplane
    app.kubernetes.io/component: cloud-infrastructure-controller
    app.kubernetes.io/instance: appcat
    app.kubernetes.io/managed-by: Helm
    app.kubernetes.io/name: crossplane
    app.kubernetes.io/part-of: crossplane
    app.kubernetes.io/version: 1.20.0
    helm.sh/chart: crossplane-1.20.0
    release: appcat
  name: crossplane-webhooks
  namespace: syn-crossplane
spec:
  ports:
    - port: 9443
      protocol: TCP
      targetPort: 9443
  selector:
    app: crossplane
    release: appcat
