apiVersion: rbac.authorization.k8s.io/v1
kind: ClusterRoleBinding
metadata:
  annotations:
    argocd.argoproj.io/sync-wave: '-100'
  labels:
    app: crossplane
    app.kubernetes.io/component: cloud-infrastructure-controller
    app.kubernetes.io/instance: appcat
    app.kubernetes.io/managed-by: Helm
    app.kubernetes.io/name: crossplane
    app.kubernetes.io/part-of: crossplane
    app.kubernetes.io/version: 1.20.0
    helm.sh/chart: crossplane-1.20.0
  name: crossplane
roleRef:
  apiGroup: rbac.authorization.k8s.io
  kind: ClusterRole
  name: crossplane
subjects:
  - kind: ServiceAccount
    name: crossplane
    namespace: syn-crossplane
