apiVersion: batch/v1
kind: CronJob
metadata:
  annotations:
    product-id: appcat-vshn-nextcloud-office-besteffort
  labels:
    app.kubernetes.io/managed-by: commodore
    app.kubernetes.io/name: appuio-reporting
    app.kubernetes.io/part-of: syn
    name: appcat-vshn-nextcloud-office-besteffort-cloud
  name: appcat-vshn-nextcloud-office-besteffort-cloud
  namespace: syn-appcat
spec:
  failedJobsHistoryLimit: 3
  jobTemplate:
    metadata:
      annotations:
        product-id: appcat-vshn-nextcloud-office-besteffort
      labels:
        app.kubernetes.io/managed-by: commodore
        app.kubernetes.io/name: appuio-reporting
        app.kubernetes.io/part-of: syn
        cron-job-name: appcat-vshn-nextcloud-office-besteffort-cloud
    spec:
      template:
        metadata:
          labels:
            app.kubernetes.io/managed-by: commodore
            app.kubernetes.io/name: appuio-reporting
            app.kubernetes.io/part-of: syn
        spec:
          containers:
            - args:
                - appuio-reporting report --timerange 1h --begin=$(date -d "now -3
                  hours" -u +"%Y-%m-%dT%H:00:00Z") --repeat-until=$(date -u +"%Y-%m-%dT%H:00:00Z")
              command:
                - sh
                - -c
              env:
                - name: AR_ODOO_OAUTH_TOKEN_URL
                  valueFrom:
                    secretKeyRef:
                      key: token_endpoint
                      name: odoo-credentials
                - name: AR_ODOO_OAUTH_CLIENT_ID
                  valueFrom:
                    secretKeyRef:
                      key: client_id
                      name: odoo-credentials
                - name: AR_ODOO_OAUTH_CLIENT_SECRET
                  valueFrom:
                    secretKeyRef:
                      key: client_secret
                      name: odoo-credentials
                - name: AR_ODOO_URL
                  value: https://test.central.vshn.ch/api/v2/product_usage_report_POST
                - name: AR_PROM_URL
                  value: http://prometheus-operated.prometheus-system:9090/prometheus
                - name: AR_ORG_ID
                  value: appuio-cloud-metering-c-appuio-cloudscale-lpg-2|appuio-cloud-metering-c-appuio-exoscale-ch-gva-2-0
                - name: AR_PRODUCT_ID
                  value: appcat-vshn-nextcloud-office-besteffort
                - name: AR_QUERY
                  value: sum_over_time(appcat:metering{label_appuio_io_billing_name="appcat-nextcloud-office",label_appcat_vshn_io_sla="besteffort",
                    tenant_name="APPUiO"}[59m:1m])/60 * on(label_appuio_io_organization)
                    group_left(sales_order) label_replace(appuio_control_organization_info{namespace="appuio-control-api-production"},
                    "label_appuio_io_organization", "$1", "organization", "(.*)")
                - name: AR_INSTANCE_JSONNET
                  value: local labels = std.extVar("labels"); "%(cluster_id)s/%(label_appcat_vshn_io_claim_namespace)s/%(label_appcat_vshn_io_claim_name)s/%(label_appcat_vshn_io_addon_name)s"
                    % labels
                - name: AR_ITEM_GROUP_DESCRIPTION_JSONNET
                  value: 'local labels = std.extVar("labels"); "APPUiO Cloud - Zone:  /
                    Namespace: %(label_appcat_vshn_io_claim_namespace)s" % labels'
                - name: AR_ITEM_DESCRIPTION_JSONNET
                  value: local labels = std.extVar("labels"); "%(label_appcat_vshn_io_claim_name)s"
                    % labels
                - name: AR_UNIT_ID
                  value: uom_uom_45_1e112771
              image: ghcr.io/appuio/appuio-reporting:v0.2.2
              name: backfill
              resources: {}
          initContainers: []
          restartPolicy: OnFailure
  schedule: 30 * * * *
  startingDeadlineSeconds: 180
  successfulJobsHistoryLimit: 1
---
apiVersion: batch/v1
kind: CronJob
metadata:
  annotations:
    product-id: appcat-vshn-nextcloud-office-guaranteed
  labels:
    app.kubernetes.io/managed-by: commodore
    app.kubernetes.io/name: appuio-reporting
    app.kubernetes.io/part-of: syn
    name: appcat-vshn-nextcloud-office-guaranteed-cloud
  name: appcat-vshn-nextcloud-office-guaranteed-cloud
  namespace: syn-appcat
spec:
  failedJobsHistoryLimit: 3
  jobTemplate:
    metadata:
      annotations:
        product-id: appcat-vshn-nextcloud-office-guaranteed
      labels:
        app.kubernetes.io/managed-by: commodore
        app.kubernetes.io/name: appuio-reporting
        app.kubernetes.io/part-of: syn
        cron-job-name: appcat-vshn-nextcloud-office-guaranteed-cloud
    spec:
      template:
        metadata:
          labels:
            app.kubernetes.io/managed-by: commodore
            app.kubernetes.io/name: appuio-reporting
            app.kubernetes.io/part-of: syn
        spec:
          containers:
            - args:
                - appuio-reporting report --timerange 1h --begin=$(date -d "now -3
                  hours" -u +"%Y-%m-%dT%H:00:00Z") --repeat-until=$(date -u +"%Y-%m-%dT%H:00:00Z")
              command:
                - sh
                - -c
              env:
                - name: AR_ODOO_OAUTH_TOKEN_URL
                  valueFrom:
                    secretKeyRef:
                      key: token_endpoint
                      name: odoo-credentials
                - name: AR_ODOO_OAUTH_CLIENT_ID
                  valueFrom:
                    secretKeyRef:
                      key: client_id
                      name: odoo-credentials
                - name: AR_ODOO_OAUTH_CLIENT_SECRET
                  valueFrom:
                    secretKeyRef:
                      key: client_secret
                      name: odoo-credentials
                - name: AR_ODOO_URL
                  value: https://test.central.vshn.ch/api/v2/product_usage_report_POST
                - name: AR_PROM_URL
                  value: http://prometheus-operated.prometheus-system:9090/prometheus
                - name: AR_ORG_ID
                  value: appuio-cloud-metering-c-appuio-cloudscale-lpg-2|appuio-cloud-metering-c-appuio-exoscale-ch-gva-2-0
                - name: AR_PRODUCT_ID
                  value: appcat-vshn-nextcloud-office-guaranteed
                - name: AR_QUERY
                  value: sum_over_time(appcat:metering{label_appuio_io_billing_name="appcat-nextcloud-office",label_appcat_vshn_io_sla="guaranteed",
                    tenant_name="APPUiO"}[59m:1m])/60 * on(label_appuio_io_organization)
                    group_left(sales_order) label_replace(appuio_control_organization_info{namespace="appuio-control-api-production"},
                    "label_appuio_io_organization", "$1", "organization", "(.*)")
                - name: AR_INSTANCE_JSONNET
                  value: local labels = std.extVar("labels"); "%(cluster_id)s/%(label_appcat_vshn_io_claim_namespace)s/%(label_appcat_vshn_io_claim_name)s/%(label_appcat_vshn_io_addon_name)s"
                    % labels
                - name: AR_ITEM_GROUP_DESCRIPTION_JSONNET
                  value: 'local labels = std.extVar("labels"); "APPUiO Cloud - Zone:  /
                    Namespace: %(label_appcat_vshn_io_claim_namespace)s" % labels'
                - name: AR_ITEM_DESCRIPTION_JSONNET
                  value: local labels = std.extVar("labels"); "%(label_appcat_vshn_io_claim_name)s"
                    % labels
                - name: AR_UNIT_ID
                  value: uom_uom_45_1e112771
              image: ghcr.io/appuio/appuio-reporting:v0.2.2
              name: backfill
              resources: {}
          initContainers: []
          restartPolicy: OnFailure
  schedule: 30 * * * *
  startingDeadlineSeconds: 180
  successfulJobsHistoryLimit: 1
---
apiVersion: batch/v1
kind: CronJob
metadata:
  annotations:
    product-id: appcat-vshn-nextcloud-office-besteffort
  labels:
    app.kubernetes.io/managed-by: commodore
    app.kubernetes.io/name: appuio-reporting
    app.kubernetes.io/part-of: syn
    name: appcat-vshn-nextcloud-office-besteffort-managed
  name: appcat-vshn-nextcloud-office-besteffort-managed
  namespace: syn-appcat
spec:
  failedJobsHistoryLimit: 3
  jobTemplate:
    metadata:
      annotations:
        product-id: appcat-vshn-nextcloud-office-besteffort
      labels:
        app.kubernetes.io/managed-by: commodore
        app.kubernetes.io/name: appuio-reporting
        app.kubernetes.io/part-of: syn
        cron-job-name: appcat-vshn-nextcloud-office-besteffort-managed
    spec:
      template:
        metadata:
          labels:
            app.kubernetes.io/managed-by: commodore
            app.kubernetes.io/name: appuio-reporting
            app.kubernetes.io/part-of: syn
        spec:
          containers:
            - args:
                - appuio-reporting report --timerange 1h --begin=$(date -d "now -3
                  hours" -u +"%Y-%m-%dT%H:00:00Z") --repeat-until=$(date -u +"%Y-%m-%dT%H:00:00Z")
              command:
                - sh
                - -c
              env:
                - name: AR_ODOO_OAUTH_TOKEN_URL
                  valueFrom:
                    secretKeyRef:
                      key: token_endpoint
                      name: odoo-credentials
                - name: AR_ODOO_OAUTH_CLIENT_ID
                  valueFrom:
                    secretKeyRef:
                      key: client_id
                      name: odoo-credentials
                - name: AR_ODOO_OAUTH_CLIENT_SECRET
                  valueFrom:
                    secretKeyRef:
                      key: client_secret
                      name: odoo-credentials
                - name: AR_ODOO_URL
                  value: https://test.central.vshn.ch/api/v2/product_usage_report_POST
                - name: AR_PROM_URL
                  value: http://prometheus-operated.prometheus-system:9090/prometheus
                - name: AR_ORG_ID
                  value: appuio-managed-openshift-billing
                - name: AR_PRODUCT_ID
                  value: appcat-vshn-nextcloud-office-besteffort
                - name: AR_QUERY
                  value: sum_over_time(appcat:metering{label_appuio_io_billing_name="appcat-nextcloud-office",label_appcat_vshn_io_sla="besteffort",
                    tenant_name!="APPUiO"}[59m:1m])/60
                - name: AR_INSTANCE_JSONNET
                  value: local labels = std.extVar("labels"); "%(cluster_id)s/%(label_appcat_vshn_io_claim_namespace)s/%(label_appcat_vshn_io_claim_name)s/%(label_appcat_vshn_io_addon_name)s"
                    % labels
                - name: AR_ITEM_GROUP_DESCRIPTION_JSONNET
                  value: 'local labels = std.extVar("labels"); "APPUiO Managed - Cluster:
                    kind / Namespace: %(label_appcat_vshn_io_claim_namespace)s" %
                    labels'
                - name: AR_ITEM_DESCRIPTION_JSONNET
                  value: local labels = std.extVar("labels"); "%(label_appcat_vshn_io_claim_name)s"
                    % labels
                - name: AR_UNIT_ID
                  value: uom_uom_45_1e112771
              image: ghcr.io/appuio/appuio-reporting:v0.2.2
              name: backfill
              resources: {}
          initContainers: []
          restartPolicy: OnFailure
  schedule: 30 * * * *
  startingDeadlineSeconds: 180
  successfulJobsHistoryLimit: 1
---
apiVersion: batch/v1
kind: CronJob
metadata:
  annotations:
    product-id: appcat-vshn-nextcloud-office-guaranteed
  labels:
    app.kubernetes.io/managed-by: commodore
    app.kubernetes.io/name: appuio-reporting
    app.kubernetes.io/part-of: syn
    name: appcat-vshn-nextcloud-office-guaranteed-managed
  name: appcat-vshn-nextcloud-office-guaranteed-managed
  namespace: syn-appcat
spec:
  failedJobsHistoryLimit: 3
  jobTemplate:
    metadata:
      annotations:
        product-id: appcat-vshn-nextcloud-office-guaranteed
      labels:
        app.kubernetes.io/managed-by: commodore
        app.kubernetes.io/name: appuio-reporting
        app.kubernetes.io/part-of: syn
        cron-job-name: appcat-vshn-nextcloud-office-guaranteed-managed
    spec:
      template:
        metadata:
          labels:
            app.kubernetes.io/managed-by: commodore
            app.kubernetes.io/name: appuio-reporting
            app.kubernetes.io/part-of: syn
        spec:
          containers:
            - args:
                - appuio-reporting report --timerange 1h --begin=$(date -d "now -3
                  hours" -u +"%Y-%m-%dT%H:00:00Z") --repeat-until=$(date -u +"%Y-%m-%dT%H:00:00Z")
              command:
                - sh
                - -c
              env:
                - name: AR_ODOO_OAUTH_TOKEN_URL
                  valueFrom:
                    secretKeyRef:
                      key: token_endpoint
                      name: odoo-credentials
                - name: AR_ODOO_OAUTH_CLIENT_ID
                  valueFrom:
                    secretKeyRef:
                      key: client_id
                      name: odoo-credentials
                - name: AR_ODOO_OAUTH_CLIENT_SECRET
                  valueFrom:
                    secretKeyRef:
                      key: client_secret
                      name: odoo-credentials
                - name: AR_ODOO_URL
                  value: https://test.central.vshn.ch/api/v2/product_usage_report_POST
                - name: AR_PROM_URL
                  value: http://prometheus-operated.prometheus-system:9090/prometheus
                - name: AR_ORG_ID
                  value: appuio-managed-openshift-billing
                - name: AR_PRODUCT_ID
                  value: appcat-vshn-nextcloud-office-guaranteed
                - name: AR_QUERY
                  value: sum_over_time(appcat:metering{label_appuio_io_billing_name="appcat-nextcloud-office",label_appcat_vshn_io_sla="guaranteed",
                    tenant_name!="APPUiO"}[59m:1m])/60
                - name: AR_INSTANCE_JSONNET
                  value: local labels = std.extVar("labels"); "%(cluster_id)s/%(label_appcat_vshn_io_claim_namespace)s/%(label_appcat_vshn_io_claim_name)s/%(label_appcat_vshn_io_addon_name)s"
                    % labels
                - name: AR_ITEM_GROUP_DESCRIPTION_JSONNET
                  value: 'local labels = std.extVar("labels"); "APPUiO Managed - Cluster:
                    kind / Namespace: %(label_appcat_vshn_io_claim_namespace)s" %
                    labels'
                - name: AR_ITEM_DESCRIPTION_JSONNET
                  value: local labels = std.extVar("labels"); "%(label_appcat_vshn_io_claim_name)s"
                    % labels
                - name: AR_UNIT_ID
                  value: uom_uom_45_1e112771
              image: ghcr.io/appuio/appuio-reporting:v0.2.2
              name: backfill
              resources: {}
          initContainers: []
          restartPolicy: OnFailure
  schedule: 30 * * * *
  startingDeadlineSeconds: 180
  successfulJobsHistoryLimit: 1
