apiVersion: apps/v1
kind: Deployment
metadata:
  annotations:
    argocd.argoproj.io/sync-wave: '-100'
  labels:
    app: crossplane
    app.kubernetes.io/component: cloud-infrastructure-controller
    app.kubernetes.io/instance: appcat
    app.kubernetes.io/managed-by: Helm
    app.kubernetes.io/name: crossplane
    app.kubernetes.io/part-of: crossplane
    app.kubernetes.io/version: 1.20.0
    helm.sh/chart: crossplane-1.20.0
    release: appcat
  name: crossplane
  namespace: syn-crossplane
spec:
  replicas: 1
  selector:
    matchLabels:
      app: crossplane
      release: appcat
  strategy:
    type: RollingUpdate
  template:
    metadata:
      annotations:
        function-revision: 79238d3e9d58bbda5744649ad13977f221c1d4b1
      labels:
        app: crossplane
        app.kubernetes.io/component: cloud-infrastructure-controller
        app.kubernetes.io/instance: appcat
        app.kubernetes.io/managed-by: Helm
        app.kubernetes.io/name: crossplane
        app.kubernetes.io/part-of: crossplane
        app.kubernetes.io/version: 1.20.0
        helm.sh/chart: crossplane-1.20.0
        release: appcat
    spec:
      containers:
        - args:
            - core
            - start
            - --enable-usages
            - --poll-interval=1h
            - --enable-realtime-compositions=false
            - --registry=xpkg.upbound.io
          env:
            - name: GOMAXPROCS
              valueFrom:
                resourceFieldRef:
                  containerName: crossplane
                  divisor: '1'
                  resource: limits.cpu
            - name: GOMEMLIMIT
              valueFrom:
                resourceFieldRef:
                  containerName: crossplane
                  divisor: '1'
                  resource: limits.memory
            - name: POD_NAMESPACE
              valueFrom:
                fieldRef:
                  fieldPath: metadata.namespace
            - name: POD_SERVICE_ACCOUNT
              valueFrom:
                fieldRef:
                  fieldPath: spec.serviceAccountName
            - name: LEADER_ELECTION
              value: 'true'
            - name: TLS_SERVER_SECRET_NAME
              value: crossplane-tls-server
            - name: TLS_SERVER_CERTS_DIR
              value: /tls/server
            - name: TLS_CLIENT_SECRET_NAME
              value: crossplane-tls-client
            - name: TLS_CLIENT_CERTS_DIR
              value: /tls/client
          image: docker.io/crossplane/crossplane:v1.20.0
          imagePullPolicy: IfNotPresent
          name: crossplane
          ports:
            - containerPort: 8081
              name: readyz
            - containerPort: 9443
              name: webhooks
          resources:
            limits:
              cpu: 1000m
              memory: 1024Mi
            requests:
              cpu: 10m
              memory: 256Mi
          securityContext:
            allowPrivilegeEscalation: false
            readOnlyRootFilesystem: true
            runAsGroup: 65532
            runAsUser: null
          startupProbe:
            failureThreshold: 30
            periodSeconds: 2
            tcpSocket:
              port: readyz
          volumeMounts:
            - mountPath: /cache/xpkg
              name: package-cache
            - mountPath: /cache/xfn
              name: function-cache
            - mountPath: /tls/server
              name: tls-server-certs
            - mountPath: /tls/client
              name: tls-client-certs
      hostNetwork: false
      initContainers:
        - args:
            - core
            - init
          env:
            - name: GOMAXPROCS
              valueFrom:
                resourceFieldRef:
                  containerName: crossplane-init
                  divisor: '1'
                  resource: limits.cpu
            - name: GOMEMLIMIT
              valueFrom:
                resourceFieldRef:
                  containerName: crossplane-init
                  divisor: '1'
                  resource: limits.memory
            - name: POD_NAMESPACE
              valueFrom:
                fieldRef:
                  fieldPath: metadata.namespace
            - name: POD_SERVICE_ACCOUNT
              valueFrom:
                fieldRef:
                  fieldPath: spec.serviceAccountName
            - name: WEBHOOK_SERVICE_NAME
              value: crossplane-webhooks
            - name: WEBHOOK_SERVICE_NAMESPACE
              valueFrom:
                fieldRef:
                  fieldPath: metadata.namespace
            - name: WEBHOOK_SERVICE_PORT
              value: '9443'
            - name: TLS_CA_SECRET_NAME
              value: crossplane-root-ca
            - name: TLS_SERVER_SECRET_NAME
              value: crossplane-tls-server
            - name: TLS_CLIENT_SECRET_NAME
              value: crossplane-tls-client
          image: docker.io/crossplane/crossplane:v1.20.0
          imagePullPolicy: IfNotPresent
          name: crossplane-init
          resources:
            limits:
              cpu: 1000m
              memory: 1024Mi
            requests:
              cpu: 10m
              memory: 256Mi
          securityContext:
            allowPrivilegeEscalation: false
            readOnlyRootFilesystem: true
            runAsGroup: 65532
            runAsUser: null
      serviceAccountName: crossplane
      volumes:
        - emptyDir:
            medium: null
            sizeLimit: 20Mi
          name: package-cache
        - emptyDir:
            medium: null
            sizeLimit: 512Mi
          name: function-cache
        - name: tls-server-certs
          secret:
            secretName: crossplane-tls-server
        - name: tls-client-certs
          secret:
            secretName: crossplane-tls-client
